// Vitest Snapshot v1, https://vitest.dev/guide/snapshot.html

exports[`app coverage generation > excludes files when the configuration is set 1`] = `
{
  "app/app.js": {
    "branches": {
      "covered": 0,
      "pct": 100,
      "skipped": 0,
      "total": 0,
    },
    "functions": {
      "covered": 0,
      "pct": 100,
      "skipped": 0,
      "total": 0,
    },
    "lines": {
      "covered": 4,
      "pct": 100,
      "skipped": 0,
      "total": 4,
    },
    "statements": {
      "covered": 4,
      "pct": 100,
      "skipped": 0,
      "total": 4,
    },
  },
  "app/components/bar.gjs": {
    "branches": {
      "covered": 0,
      "pct": 100,
      "skipped": 0,
      "total": 0,
    },
    "functions": {
      "covered": 1,
      "pct": 100,
      "skipped": 0,
      "total": 1,
    },
    "lines": {
      "covered": 3,
      "pct": 100,
      "skipped": 0,
      "total": 3,
    },
    "statements": {
      "covered": 3,
      "pct": 100,
      "skipped": 0,
      "total": 3,
    },
  },
  "app/components/co-located-component.hbs": {
    "branches": {
      "covered": 0,
      "pct": 100,
      "skipped": 0,
      "total": 0,
    },
    "functions": {
      "covered": 0,
      "pct": 100,
      "skipped": 0,
      "total": 0,
    },
    "lines": {
      "covered": 1,
      "pct": 100,
      "skipped": 0,
      "total": 1,
    },
    "statements": {
      "covered": 3,
      "pct": 100,
      "skipped": 0,
      "total": 3,
    },
  },
  "app/components/co-located-component.js": {
    "branches": {
      "covered": 0,
      "pct": 100,
      "skipped": 0,
      "total": 0,
    },
    "functions": {
      "covered": 1,
      "pct": 50,
      "skipped": 0,
      "total": 2,
    },
    "lines": {
      "covered": 2,
      "pct": 66.66,
      "skipped": 0,
      "total": 3,
    },
    "statements": {
      "covered": 2,
      "pct": 66.66,
      "skipped": 0,
      "total": 3,
    },
  },
  "app/components/test-component.js": {
    "branches": {
      "covered": 2,
      "pct": 100,
      "skipped": 0,
      "total": 2,
    },
    "functions": {
      "covered": 2,
      "pct": 100,
      "skipped": 0,
      "total": 2,
    },
    "lines": {
      "covered": 5,
      "pct": 100,
      "skipped": 0,
      "total": 5,
    },
    "statements": {
      "covered": 5,
      "pct": 100,
      "skipped": 0,
      "total": 5,
    },
  },
  "app/components/yield-component.hbs": {
    "branches": {
      "covered": 0,
      "pct": 100,
      "skipped": 0,
      "total": 0,
    },
    "functions": {
      "covered": 0,
      "pct": 100,
      "skipped": 0,
      "total": 0,
    },
    "lines": {
      "covered": 1,
      "pct": 100,
      "skipped": 0,
      "total": 1,
    },
    "statements": {
      "covered": 1,
      "pct": 100,
      "skipped": 0,
      "total": 1,
    },
  },
  "app/router.js": {
    "branches": {
      "covered": 0,
      "pct": 100,
      "skipped": 0,
      "total": 0,
    },
    "functions": {
      "covered": 1,
      "pct": 100,
      "skipped": 0,
      "total": 1,
    },
    "lines": {
      "covered": 3,
      "pct": 100,
      "skipped": 0,
      "total": 3,
    },
    "statements": {
      "covered": 3,
      "pct": 100,
      "skipped": 0,
      "total": 3,
    },
  },
  "app/templates/application.hbs": {
    "branches": {
      "covered": 0,
      "pct": 100,
      "skipped": 0,
      "total": 0,
    },
    "functions": {
      "covered": 0,
      "pct": 100,
      "skipped": 0,
      "total": 0,
    },
    "lines": {
      "covered": 4,
      "pct": 100,
      "skipped": 0,
      "total": 4,
    },
    "statements": {
      "covered": 4,
      "pct": 100,
      "skipped": 0,
      "total": 4,
    },
  },
  "app/templates/components/test-component.hbs": {
    "branches": {
      "covered": 10,
      "pct": 100,
      "skipped": 0,
      "total": 10,
    },
    "functions": {
      "covered": 0,
      "pct": 100,
      "skipped": 0,
      "total": 0,
    },
    "lines": {
      "covered": 11,
      "pct": 100,
      "skipped": 0,
      "total": 11,
    },
    "statements": {
      "covered": 12,
      "pct": 100,
      "skipped": 0,
      "total": 12,
    },
  },
  "app/utils/my-covered-util.js": {
    "branches": {
      "covered": 0,
      "pct": 100,
      "skipped": 0,
      "total": 0,
    },
    "functions": {
      "covered": 1,
      "pct": 100,
      "skipped": 0,
      "total": 1,
    },
    "lines": {
      "covered": 1,
      "pct": 100,
      "skipped": 0,
      "total": 1,
    },
    "statements": {
      "covered": 1,
      "pct": 100,
      "skipped": 0,
      "total": 1,
    },
  },
  "total": {
    "branches": {
      "covered": 12,
      "pct": 100,
      "skipped": 0,
      "total": 12,
    },
    "branchesTrue": {
      "covered": 0,
      "pct": 100,
      "skipped": 0,
      "total": 0,
    },
    "functions": {
      "covered": 6,
      "pct": 85.71,
      "skipped": 0,
      "total": 7,
    },
    "lines": {
      "covered": 35,
      "pct": 97.22,
      "skipped": 0,
      "total": 36,
    },
    "statements": {
      "covered": 38,
      "pct": 97.43,
      "skipped": 0,
      "total": 39,
    },
  },
}
`;

exports[`app coverage generation > merges coverage when tests are run in parallel 1`] = `
{
  "app/app.js": {
    "branches": {
      "covered": 0,
      "pct": 100,
      "skipped": 0,
      "total": 0,
    },
    "functions": {
      "covered": 0,
      "pct": 100,
      "skipped": 0,
      "total": 0,
    },
    "lines": {
      "covered": 4,
      "pct": 100,
      "skipped": 0,
      "total": 4,
    },
    "statements": {
      "covered": 4,
      "pct": 100,
      "skipped": 0,
      "total": 4,
    },
  },
  "app/components/bar.gjs": {
    "branches": {
      "covered": 0,
      "pct": 100,
      "skipped": 0,
      "total": 0,
    },
    "functions": {
      "covered": 1,
      "pct": 100,
      "skipped": 0,
      "total": 1,
    },
    "lines": {
      "covered": 3,
      "pct": 100,
      "skipped": 0,
      "total": 3,
    },
    "statements": {
      "covered": 3,
      "pct": 100,
      "skipped": 0,
      "total": 3,
    },
  },
  "app/components/co-located-component.hbs": {
    "branches": {
      "covered": 0,
      "pct": 100,
      "skipped": 0,
      "total": 0,
    },
    "functions": {
      "covered": 0,
      "pct": 100,
      "skipped": 0,
      "total": 0,
    },
    "lines": {
      "covered": 1,
      "pct": 100,
      "skipped": 0,
      "total": 1,
    },
    "statements": {
      "covered": 3,
      "pct": 100,
      "skipped": 0,
      "total": 3,
    },
  },
  "app/components/co-located-component.js": {
    "branches": {
      "covered": 0,
      "pct": 100,
      "skipped": 0,
      "total": 0,
    },
    "functions": {
      "covered": 1,
      "pct": 50,
      "skipped": 0,
      "total": 2,
    },
    "lines": {
      "covered": 2,
      "pct": 66.66,
      "skipped": 0,
      "total": 3,
    },
    "statements": {
      "covered": 2,
      "pct": 66.66,
      "skipped": 0,
      "total": 3,
    },
  },
  "app/components/test-component.js": {
    "branches": {
      "covered": 2,
      "pct": 100,
      "skipped": 0,
      "total": 2,
    },
    "functions": {
      "covered": 2,
      "pct": 100,
      "skipped": 0,
      "total": 2,
    },
    "lines": {
      "covered": 5,
      "pct": 100,
      "skipped": 0,
      "total": 5,
    },
    "statements": {
      "covered": 5,
      "pct": 100,
      "skipped": 0,
      "total": 5,
    },
  },
  "app/components/yield-component.hbs": {
    "branches": {
      "covered": 0,
      "pct": 100,
      "skipped": 0,
      "total": 0,
    },
    "functions": {
      "covered": 0,
      "pct": 100,
      "skipped": 0,
      "total": 0,
    },
    "lines": {
      "covered": 1,
      "pct": 100,
      "skipped": 0,
      "total": 1,
    },
    "statements": {
      "covered": 1,
      "pct": 100,
      "skipped": 0,
      "total": 1,
    },
  },
  "app/router.js": {
    "branches": {
      "covered": 0,
      "pct": 100,
      "skipped": 0,
      "total": 0,
    },
    "functions": {
      "covered": 1,
      "pct": 100,
      "skipped": 0,
      "total": 1,
    },
    "lines": {
      "covered": 3,
      "pct": 100,
      "skipped": 0,
      "total": 3,
    },
    "statements": {
      "covered": 3,
      "pct": 100,
      "skipped": 0,
      "total": 3,
    },
  },
  "app/templates/application.hbs": {
    "branches": {
      "covered": 0,
      "pct": 100,
      "skipped": 0,
      "total": 0,
    },
    "functions": {
      "covered": 0,
      "pct": 100,
      "skipped": 0,
      "total": 0,
    },
    "lines": {
      "covered": 4,
      "pct": 100,
      "skipped": 0,
      "total": 4,
    },
    "statements": {
      "covered": 4,
      "pct": 100,
      "skipped": 0,
      "total": 4,
    },
  },
  "app/templates/components/test-component.hbs": {
    "branches": {
      "covered": 10,
      "pct": 100,
      "skipped": 0,
      "total": 10,
    },
    "functions": {
      "covered": 0,
      "pct": 100,
      "skipped": 0,
      "total": 0,
    },
    "lines": {
      "covered": 11,
      "pct": 100,
      "skipped": 0,
      "total": 11,
    },
    "statements": {
      "covered": 12,
      "pct": 100,
      "skipped": 0,
      "total": 12,
    },
  },
  "app/utils/my-covered-util.js": {
    "branches": {
      "covered": 0,
      "pct": 100,
      "skipped": 0,
      "total": 0,
    },
    "functions": {
      "covered": 1,
      "pct": 100,
      "skipped": 0,
      "total": 1,
    },
    "lines": {
      "covered": 1,
      "pct": 100,
      "skipped": 0,
      "total": 1,
    },
    "statements": {
      "covered": 1,
      "pct": 100,
      "skipped": 0,
      "total": 1,
    },
  },
  "total": {
    "branches": {
      "covered": 12,
      "pct": 100,
      "skipped": 0,
      "total": 12,
    },
    "branchesTrue": {
      "covered": 0,
      "pct": 100,
      "skipped": 0,
      "total": 0,
    },
    "functions": {
      "covered": 6,
      "pct": 85.71,
      "skipped": 0,
      "total": 7,
    },
    "lines": {
      "covered": 35,
      "pct": 97.22,
      "skipped": 0,
      "total": 36,
    },
    "statements": {
      "covered": 38,
      "pct": 97.43,
      "skipped": 0,
      "total": 39,
    },
  },
}
`;

exports[`app coverage generation > runs coverage when a module has an import error 1`] = `
{
  "app/app.js": {
    "branches": {
      "covered": 0,
      "pct": 100,
      "skipped": 0,
      "total": 0,
    },
    "functions": {
      "covered": 0,
      "pct": 100,
      "skipped": 0,
      "total": 0,
    },
    "lines": {
      "covered": 4,
      "pct": 100,
      "skipped": 0,
      "total": 4,
    },
    "statements": {
      "covered": 4,
      "pct": 100,
      "skipped": 0,
      "total": 4,
    },
  },
  "app/components/bar.gjs": {
    "branches": {
      "covered": 0,
      "pct": 100,
      "skipped": 0,
      "total": 0,
    },
    "functions": {
      "covered": 1,
      "pct": 100,
      "skipped": 0,
      "total": 1,
    },
    "lines": {
      "covered": 3,
      "pct": 100,
      "skipped": 0,
      "total": 3,
    },
    "statements": {
      "covered": 3,
      "pct": 100,
      "skipped": 0,
      "total": 3,
    },
  },
  "app/components/co-located-component.hbs": {
    "branches": {
      "covered": 0,
      "pct": 100,
      "skipped": 0,
      "total": 0,
    },
    "functions": {
      "covered": 0,
      "pct": 100,
      "skipped": 0,
      "total": 0,
    },
    "lines": {
      "covered": 1,
      "pct": 100,
      "skipped": 0,
      "total": 1,
    },
    "statements": {
      "covered": 3,
      "pct": 100,
      "skipped": 0,
      "total": 3,
    },
  },
  "app/components/co-located-component.js": {
    "branches": {
      "covered": 0,
      "pct": 100,
      "skipped": 0,
      "total": 0,
    },
    "functions": {
      "covered": 1,
      "pct": 50,
      "skipped": 0,
      "total": 2,
    },
    "lines": {
      "covered": 2,
      "pct": 66.66,
      "skipped": 0,
      "total": 3,
    },
    "statements": {
      "covered": 2,
      "pct": 66.66,
      "skipped": 0,
      "total": 3,
    },
  },
  "app/components/test-component.js": {
    "branches": {
      "covered": 2,
      "pct": 100,
      "skipped": 0,
      "total": 2,
    },
    "functions": {
      "covered": 2,
      "pct": 100,
      "skipped": 0,
      "total": 2,
    },
    "lines": {
      "covered": 5,
      "pct": 100,
      "skipped": 0,
      "total": 5,
    },
    "statements": {
      "covered": 5,
      "pct": 100,
      "skipped": 0,
      "total": 5,
    },
  },
  "app/components/yield-component.hbs": {
    "branches": {
      "covered": 0,
      "pct": 100,
      "skipped": 0,
      "total": 0,
    },
    "functions": {
      "covered": 0,
      "pct": 100,
      "skipped": 0,
      "total": 0,
    },
    "lines": {
      "covered": 1,
      "pct": 100,
      "skipped": 0,
      "total": 1,
    },
    "statements": {
      "covered": 1,
      "pct": 100,
      "skipped": 0,
      "total": 1,
    },
  },
  "app/error-module.js": {
    "branches": {
      "covered": 0,
      "pct": 100,
      "skipped": 0,
      "total": 0,
    },
    "functions": {
      "covered": 0,
      "pct": 100,
      "skipped": 0,
      "total": 0,
    },
    "lines": {
      "covered": 1,
      "pct": 100,
      "skipped": 0,
      "total": 1,
    },
    "statements": {
      "covered": 1,
      "pct": 100,
      "skipped": 0,
      "total": 1,
    },
  },
  "app/router.js": {
    "branches": {
      "covered": 0,
      "pct": 100,
      "skipped": 0,
      "total": 0,
    },
    "functions": {
      "covered": 1,
      "pct": 100,
      "skipped": 0,
      "total": 1,
    },
    "lines": {
      "covered": 3,
      "pct": 100,
      "skipped": 0,
      "total": 3,
    },
    "statements": {
      "covered": 3,
      "pct": 100,
      "skipped": 0,
      "total": 3,
    },
  },
  "app/templates/application.hbs": {
    "branches": {
      "covered": 0,
      "pct": 100,
      "skipped": 0,
      "total": 0,
    },
    "functions": {
      "covered": 0,
      "pct": 100,
      "skipped": 0,
      "total": 0,
    },
    "lines": {
      "covered": 4,
      "pct": 100,
      "skipped": 0,
      "total": 4,
    },
    "statements": {
      "covered": 4,
      "pct": 100,
      "skipped": 0,
      "total": 4,
    },
  },
  "app/templates/components/test-component.hbs": {
    "branches": {
      "covered": 10,
      "pct": 100,
      "skipped": 0,
      "total": 10,
    },
    "functions": {
      "covered": 0,
      "pct": 100,
      "skipped": 0,
      "total": 0,
    },
    "lines": {
      "covered": 11,
      "pct": 100,
      "skipped": 0,
      "total": 11,
    },
    "statements": {
      "covered": 12,
      "pct": 100,
      "skipped": 0,
      "total": 12,
    },
  },
  "app/utils/my-covered-util.js": {
    "branches": {
      "covered": 0,
      "pct": 100,
      "skipped": 0,
      "total": 0,
    },
    "functions": {
      "covered": 1,
      "pct": 100,
      "skipped": 0,
      "total": 1,
    },
    "lines": {
      "covered": 1,
      "pct": 100,
      "skipped": 0,
      "total": 1,
    },
    "statements": {
      "covered": 1,
      "pct": 100,
      "skipped": 0,
      "total": 1,
    },
  },
  "total": {
    "branches": {
      "covered": 12,
      "pct": 100,
      "skipped": 0,
      "total": 12,
    },
    "branchesTrue": {
      "covered": 0,
      "pct": 100,
      "skipped": 0,
      "total": 0,
    },
    "functions": {
      "covered": 6,
      "pct": 85.71,
      "skipped": 0,
      "total": 7,
    },
    "lines": {
      "covered": 36,
      "pct": 97.29,
      "skipped": 0,
      "total": 37,
    },
    "statements": {
      "covered": 39,
      "pct": 97.5,
      "skipped": 0,
      "total": 40,
    },
  },
}
`;

exports[`app coverage generation > runs coverage when env var is set 1`] = `
{
  "app/app.js": {
    "branches": {
      "covered": 0,
      "pct": 100,
      "skipped": 0,
      "total": 0,
    },
    "functions": {
      "covered": 0,
      "pct": 100,
      "skipped": 0,
      "total": 0,
    },
    "lines": {
      "covered": 4,
      "pct": 100,
      "skipped": 0,
      "total": 4,
    },
    "statements": {
      "covered": 4,
      "pct": 100,
      "skipped": 0,
      "total": 4,
    },
  },
  "app/components/bar.gjs": {
    "branches": {
      "covered": 0,
      "pct": 100,
      "skipped": 0,
      "total": 0,
    },
    "functions": {
      "covered": 1,
      "pct": 100,
      "skipped": 0,
      "total": 1,
    },
    "lines": {
      "covered": 3,
      "pct": 100,
      "skipped": 0,
      "total": 3,
    },
    "statements": {
      "covered": 3,
      "pct": 100,
      "skipped": 0,
      "total": 3,
    },
  },
  "app/components/co-located-component.hbs": {
    "branches": {
      "covered": 0,
      "pct": 100,
      "skipped": 0,
      "total": 0,
    },
    "functions": {
      "covered": 0,
      "pct": 100,
      "skipped": 0,
      "total": 0,
    },
    "lines": {
      "covered": 1,
      "pct": 100,
      "skipped": 0,
      "total": 1,
    },
    "statements": {
      "covered": 3,
      "pct": 100,
      "skipped": 0,
      "total": 3,
    },
  },
  "app/components/co-located-component.js": {
    "branches": {
      "covered": 0,
      "pct": 100,
      "skipped": 0,
      "total": 0,
    },
    "functions": {
      "covered": 1,
      "pct": 50,
      "skipped": 0,
      "total": 2,
    },
    "lines": {
      "covered": 2,
      "pct": 66.66,
      "skipped": 0,
      "total": 3,
    },
    "statements": {
      "covered": 2,
      "pct": 66.66,
      "skipped": 0,
      "total": 3,
    },
  },
  "app/components/test-component.js": {
    "branches": {
      "covered": 2,
      "pct": 100,
      "skipped": 0,
      "total": 2,
    },
    "functions": {
      "covered": 2,
      "pct": 100,
      "skipped": 0,
      "total": 2,
    },
    "lines": {
      "covered": 5,
      "pct": 100,
      "skipped": 0,
      "total": 5,
    },
    "statements": {
      "covered": 5,
      "pct": 100,
      "skipped": 0,
      "total": 5,
    },
  },
  "app/components/yield-component.hbs": {
    "branches": {
      "covered": 0,
      "pct": 100,
      "skipped": 0,
      "total": 0,
    },
    "functions": {
      "covered": 0,
      "pct": 100,
      "skipped": 0,
      "total": 0,
    },
    "lines": {
      "covered": 1,
      "pct": 100,
      "skipped": 0,
      "total": 1,
    },
    "statements": {
      "covered": 1,
      "pct": 100,
      "skipped": 0,
      "total": 1,
    },
  },
  "app/router.js": {
    "branches": {
      "covered": 0,
      "pct": 100,
      "skipped": 0,
      "total": 0,
    },
    "functions": {
      "covered": 1,
      "pct": 100,
      "skipped": 0,
      "total": 1,
    },
    "lines": {
      "covered": 3,
      "pct": 100,
      "skipped": 0,
      "total": 3,
    },
    "statements": {
      "covered": 3,
      "pct": 100,
      "skipped": 0,
      "total": 3,
    },
  },
  "app/templates/application.hbs": {
    "branches": {
      "covered": 0,
      "pct": 100,
      "skipped": 0,
      "total": 0,
    },
    "functions": {
      "covered": 0,
      "pct": 100,
      "skipped": 0,
      "total": 0,
    },
    "lines": {
      "covered": 4,
      "pct": 100,
      "skipped": 0,
      "total": 4,
    },
    "statements": {
      "covered": 4,
      "pct": 100,
      "skipped": 0,
      "total": 4,
    },
  },
  "app/templates/components/test-component.hbs": {
    "branches": {
      "covered": 10,
      "pct": 100,
      "skipped": 0,
      "total": 10,
    },
    "functions": {
      "covered": 0,
      "pct": 100,
      "skipped": 0,
      "total": 0,
    },
    "lines": {
      "covered": 11,
      "pct": 100,
      "skipped": 0,
      "total": 11,
    },
    "statements": {
      "covered": 12,
      "pct": 100,
      "skipped": 0,
      "total": 12,
    },
  },
  "app/utils/my-covered-util.js": {
    "branches": {
      "covered": 0,
      "pct": 100,
      "skipped": 0,
      "total": 0,
    },
    "functions": {
      "covered": 1,
      "pct": 100,
      "skipped": 0,
      "total": 1,
    },
    "lines": {
      "covered": 1,
      "pct": 100,
      "skipped": 0,
      "total": 1,
    },
    "statements": {
      "covered": 1,
      "pct": 100,
      "skipped": 0,
      "total": 1,
    },
  },
  "total": {
    "branches": {
      "covered": 12,
      "pct": 100,
      "skipped": 0,
      "total": 12,
    },
    "branchesTrue": {
      "covered": 0,
      "pct": 100,
      "skipped": 0,
      "total": 0,
    },
    "functions": {
      "covered": 6,
      "pct": 85.71,
      "skipped": 0,
      "total": 7,
    },
    "lines": {
      "covered": 35,
      "pct": 97.22,
      "skipped": 0,
      "total": 36,
    },
    "statements": {
      "covered": 38,
      "pct": 97.43,
      "skipped": 0,
      "total": 39,
    },
  },
}
`;

exports[`app coverage generation > runs coverage when the path option is used 1`] = `
{
  "app/app.js": {
    "branches": {
      "covered": 0,
      "pct": 100,
      "skipped": 0,
      "total": 0,
    },
    "functions": {
      "covered": 0,
      "pct": 100,
      "skipped": 0,
      "total": 0,
    },
    "lines": {
      "covered": 4,
      "pct": 100,
      "skipped": 0,
      "total": 4,
    },
    "statements": {
      "covered": 4,
      "pct": 100,
      "skipped": 0,
      "total": 4,
    },
  },
  "app/components/bar.gjs": {
    "branches": {
      "covered": 0,
      "pct": 100,
      "skipped": 0,
      "total": 0,
    },
    "functions": {
      "covered": 1,
      "pct": 100,
      "skipped": 0,
      "total": 1,
    },
    "lines": {
      "covered": 3,
      "pct": 100,
      "skipped": 0,
      "total": 3,
    },
    "statements": {
      "covered": 3,
      "pct": 100,
      "skipped": 0,
      "total": 3,
    },
  },
  "app/components/co-located-component.hbs": {
    "branches": {
      "covered": 0,
      "pct": 100,
      "skipped": 0,
      "total": 0,
    },
    "functions": {
      "covered": 0,
      "pct": 100,
      "skipped": 0,
      "total": 0,
    },
    "lines": {
      "covered": 1,
      "pct": 100,
      "skipped": 0,
      "total": 1,
    },
    "statements": {
      "covered": 3,
      "pct": 100,
      "skipped": 0,
      "total": 3,
    },
  },
  "app/components/co-located-component.js": {
    "branches": {
      "covered": 0,
      "pct": 100,
      "skipped": 0,
      "total": 0,
    },
    "functions": {
      "covered": 1,
      "pct": 50,
      "skipped": 0,
      "total": 2,
    },
    "lines": {
      "covered": 2,
      "pct": 66.66,
      "skipped": 0,
      "total": 3,
    },
    "statements": {
      "covered": 2,
      "pct": 66.66,
      "skipped": 0,
      "total": 3,
    },
  },
  "app/components/test-component.js": {
    "branches": {
      "covered": 2,
      "pct": 100,
      "skipped": 0,
      "total": 2,
    },
    "functions": {
      "covered": 2,
      "pct": 100,
      "skipped": 0,
      "total": 2,
    },
    "lines": {
      "covered": 5,
      "pct": 100,
      "skipped": 0,
      "total": 5,
    },
    "statements": {
      "covered": 5,
      "pct": 100,
      "skipped": 0,
      "total": 5,
    },
  },
  "app/components/yield-component.hbs": {
    "branches": {
      "covered": 0,
      "pct": 100,
      "skipped": 0,
      "total": 0,
    },
    "functions": {
      "covered": 0,
      "pct": 100,
      "skipped": 0,
      "total": 0,
    },
    "lines": {
      "covered": 1,
      "pct": 100,
      "skipped": 0,
      "total": 1,
    },
    "statements": {
      "covered": 1,
      "pct": 100,
      "skipped": 0,
      "total": 1,
    },
  },
  "app/router.js": {
    "branches": {
      "covered": 0,
      "pct": 100,
      "skipped": 0,
      "total": 0,
    },
    "functions": {
      "covered": 1,
      "pct": 100,
      "skipped": 0,
      "total": 1,
    },
    "lines": {
      "covered": 3,
      "pct": 100,
      "skipped": 0,
      "total": 3,
    },
    "statements": {
      "covered": 3,
      "pct": 100,
      "skipped": 0,
      "total": 3,
    },
  },
  "app/templates/application.hbs": {
    "branches": {
      "covered": 0,
      "pct": 100,
      "skipped": 0,
      "total": 0,
    },
    "functions": {
      "covered": 0,
      "pct": 100,
      "skipped": 0,
      "total": 0,
    },
    "lines": {
      "covered": 4,
      "pct": 100,
      "skipped": 0,
      "total": 4,
    },
    "statements": {
      "covered": 4,
      "pct": 100,
      "skipped": 0,
      "total": 4,
    },
  },
  "app/templates/components/test-component.hbs": {
    "branches": {
      "covered": 10,
      "pct": 100,
      "skipped": 0,
      "total": 10,
    },
    "functions": {
      "covered": 0,
      "pct": 100,
      "skipped": 0,
      "total": 0,
    },
    "lines": {
      "covered": 11,
      "pct": 100,
      "skipped": 0,
      "total": 11,
    },
    "statements": {
      "covered": 12,
      "pct": 100,
      "skipped": 0,
      "total": 12,
    },
  },
  "app/utils/my-covered-util.js": {
    "branches": {
      "covered": 0,
      "pct": 100,
      "skipped": 0,
      "total": 0,
    },
    "functions": {
      "covered": 1,
      "pct": 100,
      "skipped": 0,
      "total": 1,
    },
    "lines": {
      "covered": 1,
      "pct": 100,
      "skipped": 0,
      "total": 1,
    },
    "statements": {
      "covered": 1,
      "pct": 100,
      "skipped": 0,
      "total": 1,
    },
  },
  "total": {
    "branches": {
      "covered": 12,
      "pct": 100,
      "skipped": 0,
      "total": 12,
    },
    "branchesTrue": {
      "covered": 0,
      "pct": 100,
      "skipped": 0,
      "total": 0,
    },
    "functions": {
      "covered": 6,
      "pct": 85.71,
      "skipped": 0,
      "total": 7,
    },
    "lines": {
      "covered": 35,
      "pct": 97.22,
      "skipped": 0,
      "total": 36,
    },
    "statements": {
      "covered": 38,
      "pct": 97.43,
      "skipped": 0,
      "total": 39,
    },
  },
}
`;

exports[`app coverage generation > uses nested coverageFolder and parallel configuration and run merge-coverage 1`] = `
{
  "app/app.js": {
    "branches": {
      "covered": 0,
      "pct": 100,
      "skipped": 0,
      "total": 0,
    },
    "functions": {
      "covered": 0,
      "pct": 100,
      "skipped": 0,
      "total": 0,
    },
    "lines": {
      "covered": 4,
      "pct": 100,
      "skipped": 0,
      "total": 4,
    },
    "statements": {
      "covered": 4,
      "pct": 100,
      "skipped": 0,
      "total": 4,
    },
  },
  "app/components/bar.gjs": {
    "branches": {
      "covered": 0,
      "pct": 100,
      "skipped": 0,
      "total": 0,
    },
    "functions": {
      "covered": 1,
      "pct": 100,
      "skipped": 0,
      "total": 1,
    },
    "lines": {
      "covered": 3,
      "pct": 100,
      "skipped": 0,
      "total": 3,
    },
    "statements": {
      "covered": 3,
      "pct": 100,
      "skipped": 0,
      "total": 3,
    },
  },
  "app/components/co-located-component.hbs": {
    "branches": {
      "covered": 0,
      "pct": 100,
      "skipped": 0,
      "total": 0,
    },
    "functions": {
      "covered": 0,
      "pct": 100,
      "skipped": 0,
      "total": 0,
    },
    "lines": {
      "covered": 1,
      "pct": 100,
      "skipped": 0,
      "total": 1,
    },
    "statements": {
      "covered": 3,
      "pct": 100,
      "skipped": 0,
      "total": 3,
    },
  },
  "app/components/co-located-component.js": {
    "branches": {
      "covered": 0,
      "pct": 100,
      "skipped": 0,
      "total": 0,
    },
    "functions": {
      "covered": 1,
      "pct": 50,
      "skipped": 0,
      "total": 2,
    },
    "lines": {
      "covered": 2,
      "pct": 66.66,
      "skipped": 0,
      "total": 3,
    },
    "statements": {
      "covered": 2,
      "pct": 66.66,
      "skipped": 0,
      "total": 3,
    },
  },
  "app/components/test-component.js": {
    "branches": {
      "covered": 2,
      "pct": 100,
      "skipped": 0,
      "total": 2,
    },
    "functions": {
      "covered": 2,
      "pct": 100,
      "skipped": 0,
      "total": 2,
    },
    "lines": {
      "covered": 5,
      "pct": 100,
      "skipped": 0,
      "total": 5,
    },
    "statements": {
      "covered": 5,
      "pct": 100,
      "skipped": 0,
      "total": 5,
    },
  },
  "app/components/yield-component.hbs": {
    "branches": {
      "covered": 0,
      "pct": 100,
      "skipped": 0,
      "total": 0,
    },
    "functions": {
      "covered": 0,
      "pct": 100,
      "skipped": 0,
      "total": 0,
    },
    "lines": {
      "covered": 1,
      "pct": 100,
      "skipped": 0,
      "total": 1,
    },
    "statements": {
      "covered": 1,
      "pct": 100,
      "skipped": 0,
      "total": 1,
    },
  },
  "app/router.js": {
    "branches": {
      "covered": 0,
      "pct": 100,
      "skipped": 0,
      "total": 0,
    },
    "functions": {
      "covered": 1,
      "pct": 100,
      "skipped": 0,
      "total": 1,
    },
    "lines": {
      "covered": 3,
      "pct": 100,
      "skipped": 0,
      "total": 3,
    },
    "statements": {
      "covered": 3,
      "pct": 100,
      "skipped": 0,
      "total": 3,
    },
  },
  "app/templates/application.hbs": {
    "branches": {
      "covered": 0,
      "pct": 100,
      "skipped": 0,
      "total": 0,
    },
    "functions": {
      "covered": 0,
      "pct": 100,
      "skipped": 0,
      "total": 0,
    },
    "lines": {
      "covered": 4,
      "pct": 100,
      "skipped": 0,
      "total": 4,
    },
    "statements": {
      "covered": 4,
      "pct": 100,
      "skipped": 0,
      "total": 4,
    },
  },
  "app/templates/components/test-component.hbs": {
    "branches": {
      "covered": 10,
      "pct": 100,
      "skipped": 0,
      "total": 10,
    },
    "functions": {
      "covered": 0,
      "pct": 100,
      "skipped": 0,
      "total": 0,
    },
    "lines": {
      "covered": 11,
      "pct": 100,
      "skipped": 0,
      "total": 11,
    },
    "statements": {
      "covered": 12,
      "pct": 100,
      "skipped": 0,
      "total": 12,
    },
  },
  "app/utils/my-covered-util.js": {
    "branches": {
      "covered": 0,
      "pct": 100,
      "skipped": 0,
      "total": 0,
    },
    "functions": {
      "covered": 1,
      "pct": 100,
      "skipped": 0,
      "total": 1,
    },
    "lines": {
      "covered": 1,
      "pct": 100,
      "skipped": 0,
      "total": 1,
    },
    "statements": {
      "covered": 1,
      "pct": 100,
      "skipped": 0,
      "total": 1,
    },
  },
  "app/utils/my-uncovered-util.js": {
    "branches": {
      "covered": 0,
      "pct": 100,
      "skipped": 0,
      "total": 0,
    },
    "functions": {
      "covered": 0,
      "pct": 0,
      "skipped": 0,
      "total": 1,
    },
    "lines": {
      "covered": 0,
      "pct": 0,
      "skipped": 0,
      "total": 1,
    },
    "statements": {
      "covered": 0,
      "pct": 0,
      "skipped": 0,
      "total": 1,
    },
  },
  "total": {
    "branches": {
      "covered": 12,
      "pct": 100,
      "skipped": 0,
      "total": 12,
    },
    "branchesTrue": {
      "covered": 0,
      "pct": 100,
      "skipped": 0,
      "total": 0,
    },
    "functions": {
      "covered": 6,
      "pct": 75,
      "skipped": 0,
      "total": 8,
    },
    "lines": {
      "covered": 35,
      "pct": 94.59,
      "skipped": 0,
      "total": 37,
    },
    "statements": {
      "covered": 38,
      "pct": 95,
      "skipped": 0,
      "total": 40,
    },
  },
}
`;

exports[`app coverage generation > uses parallel configuration and merges coverage when merge-coverage command is issued 1`] = `
{
  "app/app.js": {
    "branches": {
      "covered": 0,
      "pct": 100,
      "skipped": 0,
      "total": 0,
    },
    "functions": {
      "covered": 0,
      "pct": 100,
      "skipped": 0,
      "total": 0,
    },
    "lines": {
      "covered": 4,
      "pct": 100,
      "skipped": 0,
      "total": 4,
    },
    "statements": {
      "covered": 4,
      "pct": 100,
      "skipped": 0,
      "total": 4,
    },
  },
  "app/components/bar.gjs": {
    "branches": {
      "covered": 0,
      "pct": 100,
      "skipped": 0,
      "total": 0,
    },
    "functions": {
      "covered": 1,
      "pct": 100,
      "skipped": 0,
      "total": 1,
    },
    "lines": {
      "covered": 3,
      "pct": 100,
      "skipped": 0,
      "total": 3,
    },
    "statements": {
      "covered": 3,
      "pct": 100,
      "skipped": 0,
      "total": 3,
    },
  },
  "app/components/co-located-component.hbs": {
    "branches": {
      "covered": 0,
      "pct": 100,
      "skipped": 0,
      "total": 0,
    },
    "functions": {
      "covered": 0,
      "pct": 100,
      "skipped": 0,
      "total": 0,
    },
    "lines": {
      "covered": 1,
      "pct": 100,
      "skipped": 0,
      "total": 1,
    },
    "statements": {
      "covered": 3,
      "pct": 100,
      "skipped": 0,
      "total": 3,
    },
  },
  "app/components/co-located-component.js": {
    "branches": {
      "covered": 0,
      "pct": 100,
      "skipped": 0,
      "total": 0,
    },
    "functions": {
      "covered": 1,
      "pct": 50,
      "skipped": 0,
      "total": 2,
    },
    "lines": {
      "covered": 2,
      "pct": 66.66,
      "skipped": 0,
      "total": 3,
    },
    "statements": {
      "covered": 2,
      "pct": 66.66,
      "skipped": 0,
      "total": 3,
    },
  },
  "app/components/test-component.js": {
    "branches": {
      "covered": 2,
      "pct": 100,
      "skipped": 0,
      "total": 2,
    },
    "functions": {
      "covered": 2,
      "pct": 100,
      "skipped": 0,
      "total": 2,
    },
    "lines": {
      "covered": 5,
      "pct": 100,
      "skipped": 0,
      "total": 5,
    },
    "statements": {
      "covered": 5,
      "pct": 100,
      "skipped": 0,
      "total": 5,
    },
  },
  "app/components/yield-component.hbs": {
    "branches": {
      "covered": 0,
      "pct": 100,
      "skipped": 0,
      "total": 0,
    },
    "functions": {
      "covered": 0,
      "pct": 100,
      "skipped": 0,
      "total": 0,
    },
    "lines": {
      "covered": 1,
      "pct": 100,
      "skipped": 0,
      "total": 1,
    },
    "statements": {
      "covered": 1,
      "pct": 100,
      "skipped": 0,
      "total": 1,
    },
  },
  "app/router.js": {
    "branches": {
      "covered": 0,
      "pct": 100,
      "skipped": 0,
      "total": 0,
    },
    "functions": {
      "covered": 1,
      "pct": 100,
      "skipped": 0,
      "total": 1,
    },
    "lines": {
      "covered": 3,
      "pct": 100,
      "skipped": 0,
      "total": 3,
    },
    "statements": {
      "covered": 3,
      "pct": 100,
      "skipped": 0,
      "total": 3,
    },
  },
  "app/templates/application.hbs": {
    "branches": {
      "covered": 0,
      "pct": 100,
      "skipped": 0,
      "total": 0,
    },
    "functions": {
      "covered": 0,
      "pct": 100,
      "skipped": 0,
      "total": 0,
    },
    "lines": {
      "covered": 4,
      "pct": 100,
      "skipped": 0,
      "total": 4,
    },
    "statements": {
      "covered": 4,
      "pct": 100,
      "skipped": 0,
      "total": 4,
    },
  },
  "app/templates/components/test-component.hbs": {
    "branches": {
      "covered": 10,
      "pct": 100,
      "skipped": 0,
      "total": 10,
    },
    "functions": {
      "covered": 0,
      "pct": 100,
      "skipped": 0,
      "total": 0,
    },
    "lines": {
      "covered": 11,
      "pct": 100,
      "skipped": 0,
      "total": 11,
    },
    "statements": {
      "covered": 12,
      "pct": 100,
      "skipped": 0,
      "total": 12,
    },
  },
  "app/utils/my-covered-util.js": {
    "branches": {
      "covered": 0,
      "pct": 100,
      "skipped": 0,
      "total": 0,
    },
    "functions": {
      "covered": 1,
      "pct": 100,
      "skipped": 0,
      "total": 1,
    },
    "lines": {
      "covered": 1,
      "pct": 100,
      "skipped": 0,
      "total": 1,
    },
    "statements": {
      "covered": 1,
      "pct": 100,
      "skipped": 0,
      "total": 1,
    },
  },
  "app/utils/my-uncovered-util.js": {
    "branches": {
      "covered": 0,
      "pct": 100,
      "skipped": 0,
      "total": 0,
    },
    "functions": {
      "covered": 0,
      "pct": 0,
      "skipped": 0,
      "total": 1,
    },
    "lines": {
      "covered": 0,
      "pct": 0,
      "skipped": 0,
      "total": 1,
    },
    "statements": {
      "covered": 0,
      "pct": 0,
      "skipped": 0,
      "total": 1,
    },
  },
  "total": {
    "branches": {
      "covered": 12,
      "pct": 100,
      "skipped": 0,
      "total": 12,
    },
    "branchesTrue": {
      "covered": 0,
      "pct": 100,
      "skipped": 0,
      "total": 0,
    },
    "functions": {
      "covered": 6,
      "pct": 75,
      "skipped": 0,
      "total": 8,
    },
    "lines": {
      "covered": 35,
      "pct": 94.59,
      "skipped": 0,
      "total": 37,
    },
    "statements": {
      "covered": 38,
      "pct": 95,
      "skipped": 0,
      "total": 40,
    },
  },
}
`;
