// Jest Snapshot v1, https://goo.gl/fbAQLP

exports[`app coverage generation excludes files when the configuration is set 1`] = `
Object {
  "app/app.js": Object {
    "branches": Object {
      "covered": 0,
      "pct": 100,
      "skipped": 0,
      "total": 0,
    },
    "functions": Object {
      "covered": 0,
      "pct": 100,
      "skipped": 0,
      "total": 0,
    },
    "lines": Object {
      "covered": 4,
      "pct": 100,
      "skipped": 0,
      "total": 4,
    },
    "statements": Object {
      "covered": 4,
      "pct": 100,
      "skipped": 0,
      "total": 4,
    },
  },
  "app/router.js": Object {
    "branches": Object {
      "covered": 0,
      "pct": 100,
      "skipped": 0,
      "total": 0,
    },
    "functions": Object {
      "covered": 0,
      "pct": 0,
      "skipped": 0,
      "total": 1,
    },
    "lines": Object {
      "covered": 1,
      "pct": 33.33,
      "skipped": 0,
      "total": 3,
    },
    "statements": Object {
      "covered": 1,
      "pct": 33.33,
      "skipped": 0,
      "total": 3,
    },
  },
  "app/utils/my-covered-util.js": Object {
    "branches": Object {
      "covered": 0,
      "pct": 100,
      "skipped": 0,
      "total": 0,
    },
    "functions": Object {
      "covered": 1,
      "pct": 100,
      "skipped": 0,
      "total": 1,
    },
    "lines": Object {
      "covered": 1,
      "pct": 100,
      "skipped": 0,
      "total": 1,
    },
    "statements": Object {
      "covered": 1,
      "pct": 100,
      "skipped": 0,
      "total": 1,
    },
  },
  "app/utils/my-uncovered-util.js": Object {
    "branches": Object {
      "covered": 0,
      "pct": 0,
      "skipped": 0,
      "total": 0,
    },
    "functions": Object {
      "covered": 0,
      "pct": 0,
      "skipped": 0,
      "total": 0,
    },
    "lines": Object {
      "covered": 0,
      "pct": 0,
      "skipped": 0,
      "total": 0,
    },
    "statements": Object {
      "covered": 0,
      "pct": 0,
      "skipped": 0,
      "total": 0,
    },
  },
  "total": Object {
    "branches": Object {
      "covered": 0,
      "pct": 100,
      "skipped": 0,
      "total": 0,
    },
    "functions": Object {
      "covered": 1,
      "pct": 50,
      "skipped": 0,
      "total": 2,
    },
    "lines": Object {
      "covered": 6,
      "pct": 75,
      "skipped": 0,
      "total": 8,
    },
    "statements": Object {
      "covered": 6,
      "pct": 75,
      "skipped": 0,
      "total": 8,
    },
  },
}
`;

exports[`app coverage generation merges coverage when tests are run in parallel 1`] = `
Object {
  "app/app.js": Object {
    "branches": Object {
      "covered": 0,
      "pct": 100,
      "skipped": 0,
      "total": 0,
    },
    "functions": Object {
      "covered": 0,
      "pct": 100,
      "skipped": 0,
      "total": 0,
    },
    "lines": Object {
      "covered": 4,
      "pct": 100,
      "skipped": 0,
      "total": 4,
    },
    "statements": Object {
      "covered": 4,
      "pct": 100,
      "skipped": 0,
      "total": 4,
    },
  },
  "app/router.js": Object {
    "branches": Object {
      "covered": 0,
      "pct": 100,
      "skipped": 0,
      "total": 0,
    },
    "functions": Object {
      "covered": 0,
      "pct": 0,
      "skipped": 0,
      "total": 1,
    },
    "lines": Object {
      "covered": 1,
      "pct": 33.33,
      "skipped": 0,
      "total": 3,
    },
    "statements": Object {
      "covered": 1,
      "pct": 33.33,
      "skipped": 0,
      "total": 3,
    },
  },
  "app/utils/my-covered-util.js": Object {
    "branches": Object {
      "covered": 0,
      "pct": 100,
      "skipped": 0,
      "total": 0,
    },
    "functions": Object {
      "covered": 1,
      "pct": 100,
      "skipped": 0,
      "total": 1,
    },
    "lines": Object {
      "covered": 1,
      "pct": 100,
      "skipped": 0,
      "total": 1,
    },
    "statements": Object {
      "covered": 1,
      "pct": 100,
      "skipped": 0,
      "total": 1,
    },
  },
  "app/utils/my-uncovered-util.js": Object {
    "branches": Object {
      "covered": 0,
      "pct": 100,
      "skipped": 0,
      "total": 0,
    },
    "functions": Object {
      "covered": 0,
      "pct": 0,
      "skipped": 0,
      "total": 1,
    },
    "lines": Object {
      "covered": 0,
      "pct": 0,
      "skipped": 0,
      "total": 1,
    },
    "statements": Object {
      "covered": 0,
      "pct": 0,
      "skipped": 0,
      "total": 1,
    },
  },
  "total": Object {
    "branches": Object {
      "covered": 0,
      "pct": 100,
      "skipped": 0,
      "total": 0,
    },
    "functions": Object {
      "covered": 1,
      "pct": 33.33,
      "skipped": 0,
      "total": 3,
    },
    "lines": Object {
      "covered": 6,
      "pct": 66.67,
      "skipped": 0,
      "total": 9,
    },
    "statements": Object {
      "covered": 6,
      "pct": 66.67,
      "skipped": 0,
      "total": 9,
    },
  },
}
`;

exports[`app coverage generation runs coverage when a module has an import error 1`] = `
Object {
  "app/app.js": Object {
    "branches": Object {
      "covered": 0,
      "pct": 100,
      "skipped": 0,
      "total": 0,
    },
    "functions": Object {
      "covered": 0,
      "pct": 100,
      "skipped": 0,
      "total": 0,
    },
    "lines": Object {
      "covered": 4,
      "pct": 100,
      "skipped": 0,
      "total": 4,
    },
    "statements": Object {
      "covered": 4,
      "pct": 100,
      "skipped": 0,
      "total": 4,
    },
  },
  "app/error-module.js": Object {
    "branches": Object {
      "covered": 0,
      "pct": 100,
      "skipped": 0,
      "total": 0,
    },
    "functions": Object {
      "covered": 0,
      "pct": 100,
      "skipped": 0,
      "total": 0,
    },
    "lines": Object {
      "covered": 1,
      "pct": 100,
      "skipped": 0,
      "total": 1,
    },
    "statements": Object {
      "covered": 1,
      "pct": 100,
      "skipped": 0,
      "total": 1,
    },
  },
  "app/router.js": Object {
    "branches": Object {
      "covered": 0,
      "pct": 100,
      "skipped": 0,
      "total": 0,
    },
    "functions": Object {
      "covered": 0,
      "pct": 0,
      "skipped": 0,
      "total": 1,
    },
    "lines": Object {
      "covered": 1,
      "pct": 33.33,
      "skipped": 0,
      "total": 3,
    },
    "statements": Object {
      "covered": 1,
      "pct": 33.33,
      "skipped": 0,
      "total": 3,
    },
  },
  "app/utils/my-covered-util.js": Object {
    "branches": Object {
      "covered": 0,
      "pct": 100,
      "skipped": 0,
      "total": 0,
    },
    "functions": Object {
      "covered": 1,
      "pct": 100,
      "skipped": 0,
      "total": 1,
    },
    "lines": Object {
      "covered": 1,
      "pct": 100,
      "skipped": 0,
      "total": 1,
    },
    "statements": Object {
      "covered": 1,
      "pct": 100,
      "skipped": 0,
      "total": 1,
    },
  },
  "app/utils/my-uncovered-util.js": Object {
    "branches": Object {
      "covered": 0,
      "pct": 100,
      "skipped": 0,
      "total": 0,
    },
    "functions": Object {
      "covered": 0,
      "pct": 0,
      "skipped": 0,
      "total": 1,
    },
    "lines": Object {
      "covered": 0,
      "pct": 0,
      "skipped": 0,
      "total": 1,
    },
    "statements": Object {
      "covered": 0,
      "pct": 0,
      "skipped": 0,
      "total": 1,
    },
  },
  "total": Object {
    "branches": Object {
      "covered": 0,
      "pct": 100,
      "skipped": 0,
      "total": 0,
    },
    "functions": Object {
      "covered": 1,
      "pct": 33.33,
      "skipped": 0,
      "total": 3,
    },
    "lines": Object {
      "covered": 7,
      "pct": 70,
      "skipped": 0,
      "total": 10,
    },
    "statements": Object {
      "covered": 7,
      "pct": 70,
      "skipped": 0,
      "total": 10,
    },
  },
}
`;

exports[`app coverage generation runs coverage when env var is set 1`] = `
Object {
  "app/app.js": Object {
    "branches": Object {
      "covered": 0,
      "pct": 100,
      "skipped": 0,
      "total": 0,
    },
    "functions": Object {
      "covered": 0,
      "pct": 100,
      "skipped": 0,
      "total": 0,
    },
    "lines": Object {
      "covered": 4,
      "pct": 100,
      "skipped": 0,
      "total": 4,
    },
    "statements": Object {
      "covered": 4,
      "pct": 100,
      "skipped": 0,
      "total": 4,
    },
  },
  "app/router.js": Object {
    "branches": Object {
      "covered": 0,
      "pct": 100,
      "skipped": 0,
      "total": 0,
    },
    "functions": Object {
      "covered": 0,
      "pct": 0,
      "skipped": 0,
      "total": 1,
    },
    "lines": Object {
      "covered": 1,
      "pct": 33.33,
      "skipped": 0,
      "total": 3,
    },
    "statements": Object {
      "covered": 1,
      "pct": 33.33,
      "skipped": 0,
      "total": 3,
    },
  },
  "app/utils/my-covered-util.js": Object {
    "branches": Object {
      "covered": 0,
      "pct": 100,
      "skipped": 0,
      "total": 0,
    },
    "functions": Object {
      "covered": 1,
      "pct": 100,
      "skipped": 0,
      "total": 1,
    },
    "lines": Object {
      "covered": 1,
      "pct": 100,
      "skipped": 0,
      "total": 1,
    },
    "statements": Object {
      "covered": 1,
      "pct": 100,
      "skipped": 0,
      "total": 1,
    },
  },
  "app/utils/my-uncovered-util.js": Object {
    "branches": Object {
      "covered": 0,
      "pct": 100,
      "skipped": 0,
      "total": 0,
    },
    "functions": Object {
      "covered": 0,
      "pct": 0,
      "skipped": 0,
      "total": 1,
    },
    "lines": Object {
      "covered": 0,
      "pct": 0,
      "skipped": 0,
      "total": 1,
    },
    "statements": Object {
      "covered": 0,
      "pct": 0,
      "skipped": 0,
      "total": 1,
    },
  },
  "total": Object {
    "branches": Object {
      "covered": 0,
      "pct": 100,
      "skipped": 0,
      "total": 0,
    },
    "functions": Object {
      "covered": 1,
      "pct": 33.33,
      "skipped": 0,
      "total": 3,
    },
    "lines": Object {
      "covered": 6,
      "pct": 66.67,
      "skipped": 0,
      "total": 9,
    },
    "statements": Object {
      "covered": 6,
      "pct": 66.67,
      "skipped": 0,
      "total": 9,
    },
  },
}
`;

exports[`app coverage generation uses nested coverageFolder and parallel configuration and run merge-coverage 1`] = `
Object {
  "app/app.js": Object {
    "branches": Object {
      "covered": 0,
      "pct": 100,
      "skipped": 0,
      "total": 0,
    },
    "functions": Object {
      "covered": 0,
      "pct": 100,
      "skipped": 0,
      "total": 0,
    },
    "lines": Object {
      "covered": 4,
      "pct": 100,
      "skipped": 0,
      "total": 4,
    },
    "statements": Object {
      "covered": 4,
      "pct": 100,
      "skipped": 0,
      "total": 4,
    },
  },
  "app/router.js": Object {
    "branches": Object {
      "covered": 0,
      "pct": 100,
      "skipped": 0,
      "total": 0,
    },
    "functions": Object {
      "covered": 0,
      "pct": 0,
      "skipped": 0,
      "total": 1,
    },
    "lines": Object {
      "covered": 1,
      "pct": 33.33,
      "skipped": 0,
      "total": 3,
    },
    "statements": Object {
      "covered": 1,
      "pct": 33.33,
      "skipped": 0,
      "total": 3,
    },
  },
  "app/utils/my-covered-util.js": Object {
    "branches": Object {
      "covered": 0,
      "pct": 100,
      "skipped": 0,
      "total": 0,
    },
    "functions": Object {
      "covered": 1,
      "pct": 100,
      "skipped": 0,
      "total": 1,
    },
    "lines": Object {
      "covered": 1,
      "pct": 100,
      "skipped": 0,
      "total": 1,
    },
    "statements": Object {
      "covered": 1,
      "pct": 100,
      "skipped": 0,
      "total": 1,
    },
  },
  "app/utils/my-uncovered-util.js": Object {
    "branches": Object {
      "covered": 0,
      "pct": 100,
      "skipped": 0,
      "total": 0,
    },
    "functions": Object {
      "covered": 0,
      "pct": 0,
      "skipped": 0,
      "total": 1,
    },
    "lines": Object {
      "covered": 0,
      "pct": 0,
      "skipped": 0,
      "total": 1,
    },
    "statements": Object {
      "covered": 0,
      "pct": 0,
      "skipped": 0,
      "total": 1,
    },
  },
  "total": Object {
    "branches": Object {
      "covered": 0,
      "pct": 100,
      "skipped": 0,
      "total": 0,
    },
    "functions": Object {
      "covered": 1,
      "pct": 33.33,
      "skipped": 0,
      "total": 3,
    },
    "lines": Object {
      "covered": 6,
      "pct": 66.67,
      "skipped": 0,
      "total": 9,
    },
    "statements": Object {
      "covered": 6,
      "pct": 66.67,
      "skipped": 0,
      "total": 9,
    },
  },
}
`;

exports[`app coverage generation uses parallel configuration and merges coverage when merge-coverage command is issued 1`] = `
Object {
  "app/app.js": Object {
    "branches": Object {
      "covered": 0,
      "pct": 100,
      "skipped": 0,
      "total": 0,
    },
    "functions": Object {
      "covered": 0,
      "pct": 100,
      "skipped": 0,
      "total": 0,
    },
    "lines": Object {
      "covered": 4,
      "pct": 100,
      "skipped": 0,
      "total": 4,
    },
    "statements": Object {
      "covered": 4,
      "pct": 100,
      "skipped": 0,
      "total": 4,
    },
  },
  "app/router.js": Object {
    "branches": Object {
      "covered": 0,
      "pct": 100,
      "skipped": 0,
      "total": 0,
    },
    "functions": Object {
      "covered": 0,
      "pct": 0,
      "skipped": 0,
      "total": 1,
    },
    "lines": Object {
      "covered": 1,
      "pct": 33.33,
      "skipped": 0,
      "total": 3,
    },
    "statements": Object {
      "covered": 1,
      "pct": 33.33,
      "skipped": 0,
      "total": 3,
    },
  },
  "app/utils/my-covered-util.js": Object {
    "branches": Object {
      "covered": 0,
      "pct": 100,
      "skipped": 0,
      "total": 0,
    },
    "functions": Object {
      "covered": 1,
      "pct": 100,
      "skipped": 0,
      "total": 1,
    },
    "lines": Object {
      "covered": 1,
      "pct": 100,
      "skipped": 0,
      "total": 1,
    },
    "statements": Object {
      "covered": 1,
      "pct": 100,
      "skipped": 0,
      "total": 1,
    },
  },
  "app/utils/my-uncovered-util.js": Object {
    "branches": Object {
      "covered": 0,
      "pct": 100,
      "skipped": 0,
      "total": 0,
    },
    "functions": Object {
      "covered": 0,
      "pct": 0,
      "skipped": 0,
      "total": 1,
    },
    "lines": Object {
      "covered": 0,
      "pct": 0,
      "skipped": 0,
      "total": 1,
    },
    "statements": Object {
      "covered": 0,
      "pct": 0,
      "skipped": 0,
      "total": 1,
    },
  },
  "total": Object {
    "branches": Object {
      "covered": 0,
      "pct": 100,
      "skipped": 0,
      "total": 0,
    },
    "functions": Object {
      "covered": 1,
      "pct": 33.33,
      "skipped": 0,
      "total": 3,
    },
    "lines": Object {
      "covered": 6,
      "pct": 66.67,
      "skipped": 0,
      "total": 9,
    },
    "statements": Object {
      "covered": 6,
      "pct": 66.67,
      "skipped": 0,
      "total": 9,
    },
  },
}
`;
