// Jest Snapshot v1, https://goo.gl/fbAQLP

exports[`app coverage generation generates coverage with @ember/compat >= 2.1.0 1`] = `
Object {
  "total": Object {
    "branches": Object {
      "covered": 0,
      "pct": "Unknown",
      "skipped": 0,
      "total": 0,
    },
    "functions": Object {
      "covered": 0,
      "pct": "Unknown",
      "skipped": 0,
      "total": 0,
    },
    "lines": Object {
      "covered": 0,
      "pct": "Unknown",
      "skipped": 0,
      "total": 0,
    },
    "statements": Object {
      "covered": 0,
      "pct": "Unknown",
      "skipped": 0,
      "total": 0,
    },
  },
}
`;

exports[`app coverage generation runs coverage when env var is set 1`] = `
Object {
  "total": Object {
    "branches": Object {
      "covered": 0,
      "pct": "Unknown",
      "skipped": 0,
      "total": 0,
    },
    "functions": Object {
      "covered": 0,
      "pct": "Unknown",
      "skipped": 0,
      "total": 0,
    },
    "lines": Object {
      "covered": 0,
      "pct": "Unknown",
      "skipped": 0,
      "total": 0,
    },
    "statements": Object {
      "covered": 0,
      "pct": "Unknown",
      "skipped": 0,
      "total": 0,
    },
  },
}
`;
