// Vitest Snapshot v1, https://vitest.dev/guide/snapshot.html

exports[`app coverage generation > generates coverage with embroider 1`] = `
{
  "../../../../../../../Users/aklkv/Projects/github/ember-cli-code-coverage/packages/ember-cli-code-coverage/src/browser/index.ts": {
    "branches": {
      "covered": 15,
      "pct": 60,
      "skipped": 0,
      "total": 25,
    },
    "functions": {
      "covered": 3,
      "pct": 60,
      "skipped": 0,
      "total": 5,
    },
    "lines": {
      "covered": 22,
      "pct": 51.16,
      "skipped": 0,
      "total": 43,
    },
    "statements": {
      "covered": 22,
      "pct": 50,
      "skipped": 0,
      "total": 44,
    },
  },
  "total": {
    "branches": {
      "covered": 15,
      "pct": 60,
      "skipped": 0,
      "total": 25,
    },
    "branchesTrue": {
      "covered": 0,
      "pct": "Unknown",
      "skipped": 0,
      "total": 0,
    },
    "functions": {
      "covered": 3,
      "pct": 60,
      "skipped": 0,
      "total": 5,
    },
    "lines": {
      "covered": 22,
      "pct": 51.16,
      "skipped": 0,
      "total": 43,
    },
    "statements": {
      "covered": 22,
      "pct": 50,
      "skipped": 0,
      "total": 44,
    },
  },
}
`;
