// Vitest Snapshot v1, https://vitest.dev/guide/snapshot.html

exports[`app coverage generation > generates coverage with @embroider ^0.47.0 1`] = `
{
  "app/app.js": {
    "branches": {
      "covered": 0,
      "pct": 100,
      "skipped": 0,
      "total": 0,
    },
    "functions": {
      "covered": 0,
      "pct": 100,
      "skipped": 0,
      "total": 0,
    },
    "lines": {
      "covered": 4,
      "pct": 100,
      "skipped": 0,
      "total": 4,
    },
    "statements": {
      "covered": 4,
      "pct": 100,
      "skipped": 0,
      "total": 4,
    },
  },
  "app/router.js": {
    "branches": {
      "covered": 0,
      "pct": 100,
      "skipped": 0,
      "total": 0,
    },
    "functions": {
      "covered": 0,
      "pct": 0,
      "skipped": 0,
      "total": 1,
    },
    "lines": {
      "covered": 1,
      "pct": 33.33,
      "skipped": 0,
      "total": 3,
    },
    "statements": {
      "covered": 1,
      "pct": 33.33,
      "skipped": 0,
      "total": 3,
    },
  },
  "total": {
    "branches": {
      "covered": 0,
      "pct": 100,
      "skipped": 0,
      "total": 0,
    },
    "branchesTrue": {
      "covered": 0,
      "pct": "Unknown",
      "skipped": 0,
      "total": 0,
    },
    "functions": {
      "covered": 0,
      "pct": 0,
      "skipped": 0,
      "total": 1,
    },
    "lines": {
      "covered": 5,
      "pct": 71.42,
      "skipped": 0,
      "total": 7,
    },
    "statements": {
      "covered": 5,
      "pct": 71.42,
      "skipped": 0,
      "total": 7,
    },
  },
}
`;

exports[`app coverage generation > generates coverage with @embroider ^1.0.0 1`] = `
{
  "app/app.js": {
    "branches": {
      "covered": 0,
      "pct": 100,
      "skipped": 0,
      "total": 0,
    },
    "functions": {
      "covered": 0,
      "pct": 100,
      "skipped": 0,
      "total": 0,
    },
    "lines": {
      "covered": 4,
      "pct": 100,
      "skipped": 0,
      "total": 4,
    },
    "statements": {
      "covered": 4,
      "pct": 100,
      "skipped": 0,
      "total": 4,
    },
  },
  "app/router.js": {
    "branches": {
      "covered": 0,
      "pct": 100,
      "skipped": 0,
      "total": 0,
    },
    "functions": {
      "covered": 0,
      "pct": 0,
      "skipped": 0,
      "total": 1,
    },
    "lines": {
      "covered": 1,
      "pct": 33.33,
      "skipped": 0,
      "total": 3,
    },
    "statements": {
      "covered": 1,
      "pct": 33.33,
      "skipped": 0,
      "total": 3,
    },
  },
  "total": {
    "branches": {
      "covered": 0,
      "pct": 100,
      "skipped": 0,
      "total": 0,
    },
    "branchesTrue": {
      "covered": 0,
      "pct": "Unknown",
      "skipped": 0,
      "total": 0,
    },
    "functions": {
      "covered": 0,
      "pct": 0,
      "skipped": 0,
      "total": 1,
    },
    "lines": {
      "covered": 5,
      "pct": 71.42,
      "skipped": 0,
      "total": 7,
    },
    "statements": {
      "covered": 5,
      "pct": 71.42,
      "skipped": 0,
      "total": 7,
    },
  },
}
`;

exports[`app coverage generation > generates coverage with @embroider ^2.1.0 1`] = `
{
  "app/app.js": {
    "branches": {
      "covered": 0,
      "pct": 100,
      "skipped": 0,
      "total": 0,
    },
    "functions": {
      "covered": 0,
      "pct": 100,
      "skipped": 0,
      "total": 0,
    },
    "lines": {
      "covered": 4,
      "pct": 100,
      "skipped": 0,
      "total": 4,
    },
    "statements": {
      "covered": 4,
      "pct": 100,
      "skipped": 0,
      "total": 4,
    },
  },
  "app/router.js": {
    "branches": {
      "covered": 0,
      "pct": 100,
      "skipped": 0,
      "total": 0,
    },
    "functions": {
      "covered": 0,
      "pct": 0,
      "skipped": 0,
      "total": 1,
    },
    "lines": {
      "covered": 1,
      "pct": 33.33,
      "skipped": 0,
      "total": 3,
    },
    "statements": {
      "covered": 1,
      "pct": 33.33,
      "skipped": 0,
      "total": 3,
    },
  },
  "total": {
    "branches": {
      "covered": 0,
      "pct": 100,
      "skipped": 0,
      "total": 0,
    },
    "branchesTrue": {
      "covered": 0,
      "pct": "Unknown",
      "skipped": 0,
      "total": 0,
    },
    "functions": {
      "covered": 0,
      "pct": 0,
      "skipped": 0,
      "total": 1,
    },
    "lines": {
      "covered": 5,
      "pct": 71.42,
      "skipped": 0,
      "total": 7,
    },
    "statements": {
      "covered": 5,
      "pct": 71.42,
      "skipped": 0,
      "total": 7,
    },
  },
}
`;
